Loading R/4.4.0-mkl
  Loading requirement: geos/3.12.1 gsl/2.7 gmp/6.3.0 mpfr/4.2.1 mkl/2018u3
Directory run29_missed_2 created.
Directory run14_missed_2 created.
Directory run13_missed_2 created.
Copying samples_not_outlier_no_calls.txt to current work folder.
Copying samples_not_outlier_no_calls.txt to current work folder.
Copying samples_not_outlier_no_calls.txt to current work folder.
File /fs03/vh83/projects/temp_dnascreen_copy/dnascreen/exon_sims/singleexon_sims/run14/samples_not_outlier_no_calls.txt exists.
File /fs03/vh83/projects/temp_dnascreen_copy/dnascreen/exon_sims/singleexon_sims/run29/samples_not_outlier_no_calls.txt exists.
File /fs03/vh83/projects/temp_dnascreen_copy/dnascreen/exon_sims/singleexon_sims/run13/samples_not_outlier_no_calls.txt exists.
Processed selected_regions_cn3. Output saved to /fs03/vh83/projects/temp_dnascreen_copy/dnascreen/exon_sims/singleexon_sims/run13_missed_2/selected_regions/selected_regions_cn3_sample
Processed selected_regions_cn3. Output saved to /fs03/vh83/projects/temp_dnascreen_copy/dnascreen/exon_sims/singleexon_sims/run14_missed_2/selected_regions/selected_regions_cn3_sample
Processed selected_regions_cn3. Output saved to /fs03/vh83/projects/temp_dnascreen_copy/dnascreen/exon_sims/singleexon_sims/run29_missed_2/selected_regions/selected_regions_cn3_sample
Loading samtools/1.19.3
  Loading requirement: htslib/1.19.1
Loading samtools/1.19.3
  Loading requirement: htslib/1.19.1
Loading samtools/1.19.3
  Loading requirement: htslib/1.19.1
Loading picard/2.19.0
  Loading requirement: java/openjdk-1.8.0_242Loading picard/2.19.0
  Loading requirement: java/openjdk-1.8.0_242Loading picard/2.19.0
  Loading requirement: java/openjdk-1.8.0_242


Working with folder extension: _missed_2
Working with folder extension: _missed_2
Working with folder extension: _missed_2
Processing sample: DNS-XTHS-0105-C07-DNS010231_S51
Processing sample: DNS-XTHS-0049-G11-DNS004256_S183
Processing sample: DNS-XTHS-0041-C08-DNS003652_S155
Simulated CNV window: chr19	11116068	11116237
Simulated CNV window: chr2	21040912	21041108
Simulated CNV window: chr16	23629178	23629300
INFO	2025-01-07 14:42:25	MergeSamFiles	

********** NOTE: Picard's command line syntax is changing.
**********
********** For more information, please see:
********** https://github.com/broadinstitute/picard/wiki/Command-Line-Syntax-Transition-For-Users-(Pre-Transition)
**********
********** The command line looks like this in the new syntax:
**********
**********    MergeSamFiles -INPUT /fs03/vh83/projects/temp_dnascreen_copy/dnascreen/exon_sims/singleexon_sims/run29_missed_2/output_cn3/downsampled_DNS-XTHS-0105-C07-DNS010231_S51.bam -INPUT /fs03/vh83/projects/temp_dnascreen_copy/dnascreen/exon_sims/singleexon_sims/run29_missed_2/output_cn3/extracted_DNS-XTHS-0105-C07-DNS010231_S51.bam -OUTPUT /fs03/vh83/projects/temp_dnascreen_copy/dnascreen/exon_sims/singleexon_sims/run29_missed_2/output_cn3/cn3_DNS-XTHS-0105-C07-DNS010231_S51.bam
**********


14:42:25.449 INFO  NativeLibraryLoader - Loading libgkl_compression.so from jar:file:/usr/local/picard/2.19.0/bin/picard.jar!/com/intel/gkl/native/libgkl_compression.so
[Tue Jan 07 14:42:25 AEDT 2025] MergeSamFiles INPUT=[/fs03/vh83/projects/temp_dnascreen_copy/dnascreen/exon_sims/singleexon_sims/run29_missed_2/output_cn3/downsampled_DNS-XTHS-0105-C07-DNS010231_S51.bam, /fs03/vh83/projects/temp_dnascreen_copy/dnascreen/exon_sims/singleexon_sims/run29_missed_2/output_cn3/extracted_DNS-XTHS-0105-C07-DNS010231_S51.bam] OUTPUT=/fs03/vh83/projects/temp_dnascreen_copy/dnascreen/exon_sims/singleexon_sims/run29_missed_2/output_cn3/cn3_DNS-XTHS-0105-C07-DNS010231_S51.bam    SORT_ORDER=coordinate ASSUME_SORTED=false MERGE_SEQUENCE_DICTIONARIES=false USE_THREADING=false VERBOSITY=INFO QUIET=false VALIDATION_STRINGENCY=STRICT COMPRESSION_LEVEL=5 MAX_RECORDS_IN_RAM=500000 CREATE_INDEX=false CREATE_MD5_FILE=false GA4GH_CLIENT_SECRETS=client_secrets.json USE_JDK_DEFLATER=false USE_JDK_INFLATER=false
[Tue Jan 07 14:42:25 AEDT 2025] Executing as zlaw0001@m3d115 on Linux 5.14.0-284.25.1.el9_2.x86_64 amd64; OpenJDK 64-Bit Server VM 1.8.0_242-b08; Deflater: Intel; Inflater: Intel; Provider GCS is not available; Picard version: 2.19.0-SNAPSHOT
INFO	2025-01-07 14:42:25	MergeSamFiles	Sorting input files using temp directory [/tmp/zlaw0001]
INFO	2025-01-07 14:42:29	MergeSamFiles	Finished reading inputs.
INFO	2025-01-07 14:42:29	SortingCollection	Creating merging iterator from 2 files
INFO	2025-01-07 14:42:31	MergeSamFiles	

********** NOTE: Picard's command line syntax is changing.
**********
********** For more information, please see:
********** https://github.com/broadinstitute/picard/wiki/Command-Line-Syntax-Transition-For-Users-(Pre-Transition)
**********
********** The command line looks like this in the new syntax:
**********
**********    MergeSamFiles -INPUT /fs03/vh83/projects/temp_dnascreen_copy/dnascreen/exon_sims/singleexon_sims/run14_missed_2/output_cn3/downsampled_DNS-XTHS-0049-G11-DNS004256_S183.bam -INPUT /fs03/vh83/projects/temp_dnascreen_copy/dnascreen/exon_sims/singleexon_sims/run14_missed_2/output_cn3/extracted_DNS-XTHS-0049-G11-DNS004256_S183.bam -OUTPUT /fs03/vh83/projects/temp_dnascreen_copy/dnascreen/exon_sims/singleexon_sims/run14_missed_2/output_cn3/cn3_DNS-XTHS-0049-G11-DNS004256_S183.bam
**********


14:42:31.592 INFO  NativeLibraryLoader - Loading libgkl_compression.so from jar:file:/usr/local/picard/2.19.0/bin/picard.jar!/com/intel/gkl/native/libgkl_compression.so
[Tue Jan 07 14:42:31 AEDT 2025] MergeSamFiles INPUT=[/fs03/vh83/projects/temp_dnascreen_copy/dnascreen/exon_sims/singleexon_sims/run14_missed_2/output_cn3/downsampled_DNS-XTHS-0049-G11-DNS004256_S183.bam, /fs03/vh83/projects/temp_dnascreen_copy/dnascreen/exon_sims/singleexon_sims/run14_missed_2/output_cn3/extracted_DNS-XTHS-0049-G11-DNS004256_S183.bam] OUTPUT=/fs03/vh83/projects/temp_dnascreen_copy/dnascreen/exon_sims/singleexon_sims/run14_missed_2/output_cn3/cn3_DNS-XTHS-0049-G11-DNS004256_S183.bam    SORT_ORDER=coordinate ASSUME_SORTED=false MERGE_SEQUENCE_DICTIONARIES=false USE_THREADING=false VERBOSITY=INFO QUIET=false VALIDATION_STRINGENCY=STRICT COMPRESSION_LEVEL=5 MAX_RECORDS_IN_RAM=500000 CREATE_INDEX=false CREATE_MD5_FILE=false GA4GH_CLIENT_SECRETS=client_secrets.json USE_JDK_DEFLATER=false USE_JDK_INFLATER=false
[Tue Jan 07 14:42:31 AEDT 2025] Executing as zlaw0001@m3d115 on Linux 5.14.0-284.25.1.el9_2.x86_64 amd64; OpenJDK 64-Bit Server VM 1.8.0_242-b08; Deflater: Intel; Inflater: Intel; Provider GCS is not available; Picard version: 2.19.0-SNAPSHOT
INFO	2025-01-07 14:42:31	MergeSamFiles	Sorting input files using temp directory [/tmp/zlaw0001]
INFO	2025-01-07 14:42:35	MergeSamFiles	Processed     1,000,000 records.  Elapsed time: 00:00:04s.  Time for last 1,000,000:    4s.  Last read position: chr13:32,398,271
[Tue Jan 07 14:42:36 AEDT 2025] picard.sam.MergeSamFiles done. Elapsed time: 0.18 minutes.
Runtime.totalMemory()=2595749888
Processing sample: DNS-XTHS-0106-E03-DNS009854_S117
Simulated CNV window: chr3	37028758	37028957
INFO	2025-01-07 14:42:37	MergeSamFiles	Finished reading inputs.
INFO	2025-01-07 14:42:38	SortingCollection	Creating merging iterator from 3 files
[Tue Jan 07 14:42:48 AEDT 2025] picard.sam.MergeSamFiles done. Elapsed time: 0.28 minutes.
Runtime.totalMemory()=3670540288
Script completed successfully.
All simulation_repeat_cn.sh scripts have completed.
Directory run14/plot_generation created.
Loading samtools/1.19.3
  Loading requirement: htslib/1.19.1
Created updated BAM file: /fs03/vh83/projects/temp_dnascreen_copy/dnascreen/exon_sims/singleexon_sims/run14_missed_2/output_combined_fixed_name/cn3_DNS-XTHS-0049-G11-DNS004256_S183.bam
Created updated VCF and index file: /fs03/vh83/projects/temp_dnascreen_copy/dnascreen/exon_sims/singleexon_sims/run14_missed_2/output_combined_fixed_name/cn3_DNS-XTHS-0049-G11-DNS004256_S183.sorted.vcf.gz and /fs03/vh83/projects/temp_dnascreen_copy/dnascreen/exon_sims/singleexon_sims/run14_missed_2/output_combined_fixed_name/cn3_DNS-XTHS-0049-G11-DNS004256_S183.sorted.vcf.gz.tbi
All BAM and VCF files processed and saved in /fs03/vh83/projects/temp_dnascreen_copy/dnascreen/exon_sims/singleexon_sims/run14_missed_2/output_combined_fixed_name.
INFO	2025-01-07 14:43:03	MergeSamFiles	

********** NOTE: Picard's command line syntax is changing.
**********
********** For more information, please see:
********** https://github.com/broadinstitute/picard/wiki/Command-Line-Syntax-Transition-For-Users-(Pre-Transition)
**********
********** The command line looks like this in the new syntax:
**********
**********    MergeSamFiles -INPUT /fs03/vh83/projects/temp_dnascreen_copy/dnascreen/exon_sims/singleexon_sims/run13_missed_2/output_cn3/downsampled_DNS-XTHS-0041-C08-DNS003652_S155.bam -INPUT /fs03/vh83/projects/temp_dnascreen_copy/dnascreen/exon_sims/singleexon_sims/run13_missed_2/output_cn3/extracted_DNS-XTHS-0041-C08-DNS003652_S155.bam -OUTPUT /fs03/vh83/projects/temp_dnascreen_copy/dnascreen/exon_sims/singleexon_sims/run13_missed_2/output_cn3/cn3_DNS-XTHS-0041-C08-DNS003652_S155.bam
**********


14:43:03.294 INFO  NativeLibraryLoader - Loading libgkl_compression.so from jar:file:/usr/local/picard/2.19.0/bin/picard.jar!/com/intel/gkl/native/libgkl_compression.so
[Tue Jan 07 14:43:03 AEDT 2025] MergeSamFiles INPUT=[/fs03/vh83/projects/temp_dnascreen_copy/dnascreen/exon_sims/singleexon_sims/run13_missed_2/output_cn3/downsampled_DNS-XTHS-0041-C08-DNS003652_S155.bam, /fs03/vh83/projects/temp_dnascreen_copy/dnascreen/exon_sims/singleexon_sims/run13_missed_2/output_cn3/extracted_DNS-XTHS-0041-C08-DNS003652_S155.bam] OUTPUT=/fs03/vh83/projects/temp_dnascreen_copy/dnascreen/exon_sims/singleexon_sims/run13_missed_2/output_cn3/cn3_DNS-XTHS-0041-C08-DNS003652_S155.bam    SORT_ORDER=coordinate ASSUME_SORTED=false MERGE_SEQUENCE_DICTIONARIES=false USE_THREADING=false VERBOSITY=INFO QUIET=false VALIDATION_STRINGENCY=STRICT COMPRESSION_LEVEL=5 MAX_RECORDS_IN_RAM=500000 CREATE_INDEX=false CREATE_MD5_FILE=false GA4GH_CLIENT_SECRETS=client_secrets.json USE_JDK_DEFLATER=false USE_JDK_INFLATER=false
[Tue Jan 07 14:43:03 AEDT 2025] Executing as zlaw0001@m3d115 on Linux 5.14.0-284.25.1.el9_2.x86_64 amd64; OpenJDK 64-Bit Server VM 1.8.0_242-b08; Deflater: Intel; Inflater: Intel; Provider GCS is not available; Picard version: 2.19.0-SNAPSHOT
INFO	2025-01-07 14:43:03	MergeSamFiles	Sorting input files using temp directory [/tmp/zlaw0001]
INFO	2025-01-07 14:43:07	MergeSamFiles	Processed     1,000,000 records.  Elapsed time: 00:00:03s.  Time for last 1,000,000:    3s.  Last read position: chr3:37,047,707
INFO	2025-01-07 14:43:11	MergeSamFiles	Processed     2,000,000 records.  Elapsed time: 00:00:07s.  Time for last 1,000,000:    3s.  Last read position: chr16:23,638,036
INFO	2025-01-07 14:43:14	MergeSamFiles	Finished reading inputs.
INFO	2025-01-07 14:43:14	SortingCollection	Creating merging iterator from 6 files
INFO	2025-01-07 14:43:16	MergeSamFiles	

********** NOTE: Picard's command line syntax is changing.
**********
********** For more information, please see:
********** https://github.com/broadinstitute/picard/wiki/Command-Line-Syntax-Transition-For-Users-(Pre-Transition)
**********
********** The command line looks like this in the new syntax:
**********
**********    MergeSamFiles -INPUT /fs03/vh83/projects/temp_dnascreen_copy/dnascreen/exon_sims/singleexon_sims/run29_missed_2/output_cn3/downsampled_DNS-XTHS-0106-E03-DNS009854_S117.bam -INPUT /fs03/vh83/projects/temp_dnascreen_copy/dnascreen/exon_sims/singleexon_sims/run29_missed_2/output_cn3/extracted_DNS-XTHS-0106-E03-DNS009854_S117.bam -OUTPUT /fs03/vh83/projects/temp_dnascreen_copy/dnascreen/exon_sims/singleexon_sims/run29_missed_2/output_cn3/cn3_DNS-XTHS-0106-E03-DNS009854_S117.bam
**********


14:43:16.342 INFO  NativeLibraryLoader - Loading libgkl_compression.so from jar:file:/usr/local/picard/2.19.0/bin/picard.jar!/com/intel/gkl/native/libgkl_compression.so
[Tue Jan 07 14:43:16 AEDT 2025] MergeSamFiles INPUT=[/fs03/vh83/projects/temp_dnascreen_copy/dnascreen/exon_sims/singleexon_sims/run29_missed_2/output_cn3/downsampled_DNS-XTHS-0106-E03-DNS009854_S117.bam, /fs03/vh83/projects/temp_dnascreen_copy/dnascreen/exon_sims/singleexon_sims/run29_missed_2/output_cn3/extracted_DNS-XTHS-0106-E03-DNS009854_S117.bam] OUTPUT=/fs03/vh83/projects/temp_dnascreen_copy/dnascreen/exon_sims/singleexon_sims/run29_missed_2/output_cn3/cn3_DNS-XTHS-0106-E03-DNS009854_S117.bam    SORT_ORDER=coordinate ASSUME_SORTED=false MERGE_SEQUENCE_DICTIONARIES=false USE_THREADING=false VERBOSITY=INFO QUIET=false VALIDATION_STRINGENCY=STRICT COMPRESSION_LEVEL=5 MAX_RECORDS_IN_RAM=500000 CREATE_INDEX=false CREATE_MD5_FILE=false GA4GH_CLIENT_SECRETS=client_secrets.json USE_JDK_DEFLATER=false USE_JDK_INFLATER=false
[Tue Jan 07 14:43:16 AEDT 2025] Executing as zlaw0001@m3d115 on Linux 5.14.0-284.25.1.el9_2.x86_64 amd64; OpenJDK 64-Bit Server VM 1.8.0_242-b08; Deflater: Intel; Inflater: Intel; Provider GCS is not available; Picard version: 2.19.0-SNAPSHOT
INFO	2025-01-07 14:43:16	MergeSamFiles	Sorting input files using temp directory [/tmp/zlaw0001]
INFO	2025-01-07 14:43:20	MergeSamFiles	Processed     1,000,000 records.  Elapsed time: 00:00:04s.  Time for last 1,000,000:    4s.  Last read position: chr17:43,093,164
INFO	2025-01-07 14:43:22	MergeSamFiles	Finished reading inputs.
INFO	2025-01-07 14:43:22	SortingCollection	Creating merging iterator from 3 files
[Tue Jan 07 14:43:32 AEDT 2025] picard.sam.MergeSamFiles done. Elapsed time: 0.27 minutes.
Runtime.totalMemory()=3670540288
[Tue Jan 07 14:43:32 AEDT 2025] picard.sam.MergeSamFiles done. Elapsed time: 0.49 minutes.
Runtime.totalMemory()=3670540288
Script completed successfully.
All simulation_repeat_cn.sh scripts have completed.
Directory run29/plot_generation created.
Loading samtools/1.19.3
  Loading requirement: htslib/1.19.1
Script completed successfully.
All simulation_repeat_cn.sh scripts have completed.
Directory run13/plot_generation created.
Created updated BAM file: /fs03/vh83/projects/temp_dnascreen_copy/dnascreen/exon_sims/singleexon_sims/run29_missed_2/output_combined_fixed_name/cn3_DNS-XTHS-0105-C07-DNS010231_S51.bam
Loading samtools/1.19.3
  Loading requirement: htslib/1.19.1
Created updated BAM file: /fs03/vh83/projects/temp_dnascreen_copy/dnascreen/exon_sims/singleexon_sims/run29_missed_2/output_combined_fixed_name/cn3_DNS-XTHS-0106-E03-DNS009854_S117.bam
Created updated VCF and index file: /fs03/vh83/projects/temp_dnascreen_copy/dnascreen/exon_sims/singleexon_sims/run29_missed_2/output_combined_fixed_name/cn3_DNS-XTHS-0105-C07-DNS010231_S51.sorted.vcf.gz and /fs03/vh83/projects/temp_dnascreen_copy/dnascreen/exon_sims/singleexon_sims/run29_missed_2/output_combined_fixed_name/cn3_DNS-XTHS-0105-C07-DNS010231_S51.sorted.vcf.gz.tbi
Created updated VCF and index file: /fs03/vh83/projects/temp_dnascreen_copy/dnascreen/exon_sims/singleexon_sims/run29_missed_2/output_combined_fixed_name/cn3_DNS-XTHS-0106-E03-DNS009854_S117.sorted.vcf.gz and /fs03/vh83/projects/temp_dnascreen_copy/dnascreen/exon_sims/singleexon_sims/run29_missed_2/output_combined_fixed_name/cn3_DNS-XTHS-0106-E03-DNS009854_S117.sorted.vcf.gz.tbi
All BAM and VCF files processed and saved in /fs03/vh83/projects/temp_dnascreen_copy/dnascreen/exon_sims/singleexon_sims/run29_missed_2/output_combined_fixed_name.
Created updated BAM file: /fs03/vh83/projects/temp_dnascreen_copy/dnascreen/exon_sims/singleexon_sims/run13_missed_2/output_combined_fixed_name/cn3_DNS-XTHS-0041-C08-DNS003652_S155.bam
Created updated VCF and index file: /fs03/vh83/projects/temp_dnascreen_copy/dnascreen/exon_sims/singleexon_sims/run13_missed_2/output_combined_fixed_name/cn3_DNS-XTHS-0041-C08-DNS003652_S155.sorted.vcf.gz and /fs03/vh83/projects/temp_dnascreen_copy/dnascreen/exon_sims/singleexon_sims/run13_missed_2/output_combined_fixed_name/cn3_DNS-XTHS-0041-C08-DNS003652_S155.sorted.vcf.gz.tbi
All BAM and VCF files processed and saved in /fs03/vh83/projects/temp_dnascreen_copy/dnascreen/exon_sims/singleexon_sims/run13_missed_2/output_combined_fixed_name.
All dnascreen_run jobs have completed.
Starting file count validation...
wc: /fs03/vh83/projects/temp_dnascreen_copy/dnascreen/exon_sims/bed_files/run13_missed_2_singleexon.txt: No such file or directory
/var/spool/slurmd/job41957940/slurm_script: line 136: [: : integer expression expected
Run 13: Warning - Incorrect number of files in output_combined.
Expected:  files, but found: 4 files.
wc: /fs03/vh83/projects/temp_dnascreen_copy/dnascreen/exon_sims/bed_files/run14_missed_2_singleexon.txt: No such file or directory
/var/spool/slurmd/job41957940/slurm_script: line 136: [: : integer expression expected
Run 14: Warning - Incorrect number of files in output_combined.
Expected:  files, but found: 4 files.
wc: /fs03/vh83/projects/temp_dnascreen_copy/dnascreen/exon_sims/bed_files/run29_missed_2_singleexon.txt: No such file or directory
/var/spool/slurmd/job41957940/slurm_script: line 136: [: : integer expression expected
Run 29: Warning - Incorrect number of files in output_combined.
Expected:  files, but found: 8 files.
File count validation completed.
